# list=PLfnvyWr5sdi2tJO4Fb5YLMMSluMKZsq_4
# 1С Программирование с нуля!

https://www.youtube.com/watch?v=jpBUstAuBpQ
https://www.youtube.com/watch?v=WMlpg2Kx-ZI
https://www.youtube.com/watch?v=XJuF4-9QH7Q
https://www.youtube.com/watch?v=MznjH2ncO6s
https://www.youtube.com/watch?v=M-X6VbjPTBs
https://www.youtube.com/watch?v=_uXZmmMx-Vw
https://www.youtube.com/watch?v=bA5ZpwDVkOw
https://www.youtube.com/watch?v=mQ-z1MvyhOA
https://www.youtube.com/watch?v=rgMWJOou8ak
https://www.youtube.com/watch?v=mYSD6cvuOV0
https://www.youtube.com/watch?v=G1isDtIAbaU
https://www.youtube.com/watch?v=EIAIiXPoizo
https://www.youtube.com/watch?v=p6NKpqs790c
https://www.youtube.com/watch?v=hEhcoXR3CUw
https://www.youtube.com/watch?v=9TKh7Rw47sc
https://www.youtube.com/watch?v=TDhA3yw0m0k
https://www.youtube.com/watch?v=DAcZIBvQAaU
https://www.youtube.com/watch?v=AH5HnPJpGDI
https://www.youtube.com/watch?v=O1nD8STnB5s
https://www.youtube.com/watch?v=00v3g0gPtz4
https://www.youtube.com/watch?v=ss-9STQ5h28
https://www.youtube.com/watch?v=OeosEgwZCMQ
https://www.youtube.com/watch?v=G-6Nc0saqQw
https://www.youtube.com/watch?v=zKr8rSERReM
https://www.youtube.com/watch?v=vvMFFsExH_w
https://www.youtube.com/watch?v=fyEivqyNeng
https://www.youtube.com/watch?v=VGYwfC2Z0Q0




